// Jest Snapshot v1, https://goo.gl/fbAQLP

exports[`Header Component should match the snapshot 1`] = `
<header
  className="sc-bczRLJ fdqXQM"
  data-testid="header"
>
  <a
    data-testid="link"
    href="/"
    onClick={[Function]}
    onMouseEnter={[Function]}
    onTouchStart={[Function]}
    target="_self"
    title="MKS Sistemas"
  >
    MKS
    <span>
      Sistemas
    </span>
  </a>
  <button
    className="sc-dkzDqf hgIJhX"
    data-testid="theme-button"
    onClick={[Function]}
    title="Ativar Modo Claro"
    type="button"
  >
    <svg
      fill="currentColor"
      height="1em"
      stroke="currentColor"
      strokeWidth="0"
      style={
        {
          "color": undefined,
        }
      }
      viewBox="0 0 16 16"
      width="1em"
      xmlns="http://www.w3.org/2000/svg"
    >
      <path
        d="M8 12a4 4 0 1 0 0-8 4 4 0 0 0 0 8zM8 0a.5.5 0 0 1 .5.5v2a.5.5 0 0 1-1 0v-2A.5.5 0 0 1 8 0zm0 13a.5.5 0 0 1 .5.5v2a.5.5 0 0 1-1 0v-2A.5.5 0 0 1 8 13zm8-5a.5.5 0 0 1-.5.5h-2a.5.5 0 0 1 0-1h2a.5.5 0 0 1 .5.5zM3 8a.5.5 0 0 1-.5.5h-2a.5.5 0 0 1 0-1h2A.5.5 0 0 1 3 8zm10.657-5.657a.5.5 0 0 1 0 .707l-1.414 1.415a.5.5 0 1 1-.707-.708l1.414-1.414a.5.5 0 0 1 .707 0zm-9.193 9.193a.5.5 0 0 1 0 .707L3.05 13.657a.5.5 0 0 1-.707-.707l1.414-1.414a.5.5 0 0 1 .707 0zm9.193 2.121a.5.5 0 0 1-.707 0l-1.414-1.414a.5.5 0 0 1 .707-.707l1.414 1.414a.5.5 0 0 1 0 .707zM4.464 4.465a.5.5 0 0 1-.707 0L2.343 3.05a.5.5 0 1 1 .707-.707l1.414 1.414a.5.5 0 0 1 0 .708z"
      />
    </svg>
  </button>
  <button
    className="sc-gsnTZi fhyRXI"
    data-testid="cart-button"
    onClick={[MockFunction]}
    title="Abrir Carrinho"
    type="button"
  >
    <i>
      <svg
        fill="currentColor"
        height="1em"
        stroke="currentColor"
        strokeWidth="0"
        style={
          {
            "color": undefined,
          }
        }
        viewBox="0 0 512 512"
        width="1em"
        xmlns="http://www.w3.org/2000/svg"
      >
        <circle
          cx="176"
          cy="416"
          r="32"
        />
        <circle
          cx="400"
          cy="416"
          r="32"
        />
        <path
          d="M456.8 120.78a23.92 23.92 0 00-18.56-8.78H133.89l-6.13-34.78A16 16 0 00112 64H48a16 16 0 000 32h50.58l45.66 258.78A16 16 0 00160 368h256a16 16 0 000-32H173.42l-5.64-32h241.66A24.07 24.07 0 00433 284.71l28.8-144a24 24 0 00-5-19.93z"
        />
      </svg>
    </i>
    0
  </button>
</header>
`;
