// Jest Snapshot v1, https://goo.gl/fbAQLP

exports[`Cart Component should match the snapshot 1`] = `
<aside
  className="sc-bczRLJ uGUip"
  data-testid="cart"
>
  <div
    className="sc-gsnTZi esggUP"
  >
    <h2>
      Carrinho de Compras
    </h2>
    <svg
      data-testid="cart-close"
      fill="currentColor"
      height="1em"
      onClick={[MockFunction]}
      stroke="currentColor"
      strokeWidth="0"
      style={
        {
          "color": undefined,
          "cursor": "pointer",
        }
      }
      viewBox="0 0 1024 1024"
      width="1em"
      xmlns="http://www.w3.org/2000/svg"
    >
      <title>
        Fechar Carrinho
      </title>
      <path
        d="M512 64C264.6 64 64 264.6 64 512s200.6 448 448 448 448-200.6 448-448S759.4 64 512 64zm165.4 618.2l-66-.3L512 563.4l-99.3 118.4-66.1.3c-4.4 0-8-3.5-8-8 0-1.9.7-3.7 1.9-5.2l130.1-155L340.5 359a8.32 8.32 0 0 1-1.9-5.2c0-4.4 3.6-8 8-8l66.1.3L512 464.6l99.3-118.4 66-.3c4.4 0 8 3.5 8 8 0 1.9-.7 3.7-1.9 5.2L553.5 514l130 155c1.2 1.5 1.9 3.3 1.9 5.2 0 4.4-3.6 8-8 8z"
      />
    </svg>
  </div>
  <ul
    className="sc-dkzDqf dAcNYh"
    data-testid="cart-list"
  >
    <li
      className="sc-papXJ gNQOvW"
      data-testid="cart-card"
    >
      <button
        className="sc-jqUVSM iukfUU"
        data-testid="cart-card--remove"
        onClick={[Function]}
        title="Remover do Carrinho"
        type="button"
      >
        <svg
          fill="currentColor"
          height="1em"
          stroke="currentColor"
          strokeWidth="0"
          style={
            {
              "color": undefined,
            }
          }
          viewBox="0 0 1024 1024"
          width="1em"
          xmlns="http://www.w3.org/2000/svg"
        >
          <path
            d="M563.8 512l262.5-312.9c4.4-5.2.7-13.1-6.1-13.1h-79.8c-4.7 0-9.2 2.1-12.3 5.7L511.6 449.8 295.1 191.7c-3-3.6-7.5-5.7-12.3-5.7H203c-6.8 0-10.5 7.9-6.1 13.1L459.4 512 196.9 824.9A7.95 7.95 0 0 0 203 838h79.8c4.7 0 9.2-2.1 12.3-5.7l216.5-258.1 216.5 258.1c3 3.6 7.5 5.7 12.3 5.7h79.8c6.8 0 10.5-7.9 6.1-13.1L563.8 512z"
          />
        </svg>
      </button>
      <div
        className="sc-iBkjds sc-kDDrLX idbGkR gDlOlb"
        data-testid="cart-card--image"
      />
      <div
        className="sc-iqcoie gCUGTW"
      >
        <h4>
          EXEMPLO 1
        </h4>
        <div
          className="sc-crXcEl hcUnyF"
        >
          <small>
            Qtd:
          </small>
          <button
            className="sc-evZas kedcOT"
            data-testid="decrement-button"
            onClick={[Function]}
            title="Diminuir Quantidade"
            type="button"
          >
            -
          </button>
          <span
            data-testid="quantity-display"
          >
            2
          </span>
          <button
            className="sc-evZas kedcOT"
            data-testid="increment-button"
            onClick={[Function]}
            title="Aumentar Quantidade"
            type="button"
          >
            +
          </button>
        </div>
        <div
          className="sc-fEOsli bEDLcJ"
          data-testid="price"
          type="cart"
        >
          R$200
        </div>
      </div>
    </li>
    <li
      className="sc-papXJ gNQOvW"
      data-testid="cart-card"
    >
      <button
        className="sc-jqUVSM iukfUU"
        data-testid="cart-card--remove"
        onClick={[Function]}
        title="Remover do Carrinho"
        type="button"
      >
        <svg
          fill="currentColor"
          height="1em"
          stroke="currentColor"
          strokeWidth="0"
          style={
            {
              "color": undefined,
            }
          }
          viewBox="0 0 1024 1024"
          width="1em"
          xmlns="http://www.w3.org/2000/svg"
        >
          <path
            d="M563.8 512l262.5-312.9c4.4-5.2.7-13.1-6.1-13.1h-79.8c-4.7 0-9.2 2.1-12.3 5.7L511.6 449.8 295.1 191.7c-3-3.6-7.5-5.7-12.3-5.7H203c-6.8 0-10.5 7.9-6.1 13.1L459.4 512 196.9 824.9A7.95 7.95 0 0 0 203 838h79.8c4.7 0 9.2-2.1 12.3-5.7l216.5-258.1 216.5 258.1c3 3.6 7.5 5.7 12.3 5.7h79.8c6.8 0 10.5-7.9 6.1-13.1L563.8 512z"
          />
        </svg>
      </button>
      <div
        className="sc-iBkjds sc-kDDrLX idbGkR gDlOlb"
        data-testid="cart-card--image"
      />
      <div
        className="sc-iqcoie gCUGTW"
      >
        <h4>
          EXEMPLO 2
        </h4>
        <div
          className="sc-crXcEl hcUnyF"
        >
          <small>
            Qtd:
          </small>
          <button
            className="sc-evZas eETeAU"
            data-testid="decrement-button"
            onClick={[Function]}
            title="Diminuir Quantidade"
            type="button"
          >
            -
          </button>
          <span
            data-testid="quantity-display"
          >
            1
          </span>
          <button
            className="sc-evZas kedcOT"
            data-testid="increment-button"
            onClick={[Function]}
            title="Aumentar Quantidade"
            type="button"
          >
            +
          </button>
        </div>
        <div
          className="sc-fEOsli bEDLcJ"
          data-testid="price"
          type="cart"
        >
          R$350
        </div>
      </div>
    </li>
  </ul>
  <div
    className="sc-hKMtZM jFFcXQ"
  >
    <span>
      Total
    </span>
    <span
      data-testid="cart-total"
    >
      R$ 750
    </span>
  </div>
  <button
    className="sc-eCYdqJ iwIllb"
    title="Finalizar Compra"
    type="button"
  >
    Finalizar Compra
  </button>
</aside>
`;
