// Jest Snapshot v1, https://goo.gl/fbAQLP

exports[`Footer Component should match the snapshot 1`] = `
<footer
  className="sc-bczRLJ dntwmJ"
  data-testid="footer"
>
  <h5>
    MKS Sistemas Â© Todos os direitos reservados
  </h5>
</footer>
`;
